s=(^ (f) f 0 (fibonacci 1 (+ 0 1)))
e=0
s=(^ (f) f 1 (fibonacci 1 (+ 1 1)))
e=1
s=(^ (f) f 1 (fibonacci 2 (+ 1 2)))
e=1
s=(^ (f) f 2 (fibonacci 3 (+ 2 3)))
e=2
s=(^ (f) f 3 (fibonacci 5 (+ 3 5)))
e=3
